INFO:__main__:['tests/attribution/unit/fr_traces/lock_gil_1st']
INFO:__main__:
Successfully processed 16 files.
INFO:__main__:Using scheduling order: {'EXPERT_': 0, 'MODEL_': 0, 'TENSOR_': 0, 'PIPELINE_': 0, 'TENSOR_AND_CONTEXT_': 1, 'DATA_PARALLEL': 3, 'TENSOR_AND_DATA_PARALLEL_': 3, 'INTRA_DISTRIBUTED': 4, 'default_pg': 5}
INFO:__main__:PGID   | Process Group Desc        | Op Type    | Size                             | Dtype    | {missing_or_completed} Ranks
INFO:__main__:72     | EXPERT_MODEL_PARALLEL_GROUP | nccl:all_to_all | 2048x5120                             | BFloat16 | 9,14
INFO:__main__:38     | TENSOR_MODEL_PARALLEL_GROUP | nccl:all_reduce | 8192x1x5120                             | BFloat16 | 14
INFO:__main__:

=== Collective Operations Analysis ===


Found group types: EXPERT_MODEL_PARALLEL_GROUP, EXPERT_TENSOR_AND_MODEL_PARALLEL_GROUP, PIPELINE_MODEL_PARALLEL_GROUP, TENSOR_AND_CONTEXT_PARALLEL_GROUP, TENSOR_AND_DATA_PARALLEL_GROUP_WITH_CP, TENSOR_MODEL_PARALLEL_GROUP, default_pg

=== EXPERT_MODEL_PARALLEL_GROUP Collectives ===

  Process Group                        PG Desc              Op Type            Size      Dtype         Total NRanks                         Identified Ranks                            Missing Ranks
-----------------------------------------------------------------------------------------------------------------------------------------------------------------------------------------------------
             72    EXPERT_MODEL_PARALLEL_GROUP      nccl:all_to_all       2048x5120   BFloat16          6                         8,10,11,12,13,15                                     9,14
  Operation type distribution:
    Send/Receive pairs (src->dst):
    Other operations:
      nccl:all_to_all: 18


=== EXPERT_TENSOR_AND_MODEL_PARALLEL_GROUP Collectives ===

  Process Group                        PG Desc              Op Type            Size      Dtype         Total NRanks                         Identified Ranks                            Missing Ranks
-----------------------------------------------------------------------------------------------------------------------------------------------------------------------------------------------------

=== PIPELINE_MODEL_PARALLEL_GROUP Collectives ===

  Process Group                        PG Desc              Op Type            Size      Dtype         Total NRanks                         Identified Ranks                            Missing Ranks
-----------------------------------------------------------------------------------------------------------------------------------------------------------------------------------------------------

=== TENSOR_AND_CONTEXT_PARALLEL_GROUP Collectives ===

  Process Group                        PG Desc              Op Type            Size      Dtype         Total NRanks                         Identified Ranks                            Missing Ranks
-----------------------------------------------------------------------------------------------------------------------------------------------------------------------------------------------------

=== TENSOR_AND_DATA_PARALLEL_GROUP_WITH_CP Collectives ===

  Process Group                        PG Desc              Op Type            Size      Dtype         Total NRanks                         Identified Ranks                            Missing Ranks
-----------------------------------------------------------------------------------------------------------------------------------------------------------------------------------------------------
             64 TENSOR_AND_DATA_PARALLEL_GROUP_WITH_CP      nccl:all_reduce             264      Float          6                         8,10,11,12,13,15                                     9,14
  Operation type distribution:
    Send/Receive pairs (src->dst):
    Other operations:
      nccl:all_reduce: 6


=== TENSOR_MODEL_PARALLEL_GROUP Collectives ===

  Process Group                        PG Desc              Op Type            Size      Dtype         Total NRanks                         Identified Ranks                            Missing Ranks
-----------------------------------------------------------------------------------------------------------------------------------------------------------------------------------------------------
             37    TENSOR_MODEL_PARALLEL_GROUP      nccl:all_reduce     8192x1x5120   BFloat16          3                                  8,10,11                                        9
  Operation type distribution:
    Send/Receive pairs (src->dst):
    Other operations:
      nccl:all_reduce: 9
      nccl:_all_gather_base: 3
      nccl:_reduce_scatter_base: 3

             38    TENSOR_MODEL_PARALLEL_GROUP      nccl:all_reduce     8192x1x5120   BFloat16          3                                 12,13,15                                       14
  Operation type distribution:
    Send/Receive pairs (src->dst):
    Other operations:
      nccl:all_reduce: 9
      nccl:_all_gather_base: 3
      nccl:_reduce_scatter_base: 3


=== default_pg Collectives ===

  Process Group                        PG Desc              Op Type            Size      Dtype         Total NRanks                         Identified Ranks                            Missing Ranks
-----------------------------------------------------------------------------------------------------------------------------------------------------------------------------------------------------
