INFO:__main__:['tests/attribution/unit/fr_traces/lock_gil_2nd']
INFO:__main__:
Successfully processed 16 files.
INFO:__main__:Using scheduling order: {'EXPERT_': 0, 'MODEL_': 0, 'TENSOR_': 0, 'PIPELINE_': 0, 'TENSOR_AND_CONTEXT_': 1, 'DATA_PARALLEL': 3, 'TENSOR_AND_DATA_PARALLEL_': 3, 'INTRA_DISTRIBUTED': 4, 'default_pg': 5}
INFO:__main__:PGID   | Process Group Desc        | Op Type    | Size                             | Dtype    | {missing_or_completed} Ranks
INFO:__main__:73     | EXPERT_MODEL_PARALLEL_GROUP | nccl:all_to_all | 4096x5120                             | BFloat16 | 10
INFO:__main__:74     | EXPERT_MODEL_PARALLEL_GROUP | nccl:all_to_all | 4096x5120                             | BFloat16 | 15
INFO:__main__:

=== Collective Operations Analysis ===


Found group types: EXPERT_MODEL_PARALLEL_GROUP, EXPERT_TENSOR_AND_MODEL_PARALLEL_GROUP, PIPELINE_MODEL_PARALLEL_GROUP, TENSOR_AND_CONTEXT_PARALLEL_GROUP, TENSOR_AND_DATA_PARALLEL_GROUP_WITH_CP, TENSOR_MODEL_PARALLEL_GROUP

=== EXPERT_MODEL_PARALLEL_GROUP Collectives ===

  Process Group                        PG Desc              Op Type            Size      Dtype         Total NRanks                         Identified Ranks                            Missing Ranks
-----------------------------------------------------------------------------------------------------------------------------------------------------------------------------------------------------
             73    EXPERT_MODEL_PARALLEL_GROUP      nccl:all_to_all       4096x5120   BFloat16          3                                   8,9,11                                       10
  Operation type distribution:
    Send/Receive pairs (src->dst):
    Other operations:
      nccl:all_to_all: 18

             74    EXPERT_MODEL_PARALLEL_GROUP      nccl:all_to_all       4096x5120   BFloat16          3                                 12,13,14                                       15
  Operation type distribution:
    Send/Receive pairs (src->dst):
    Other operations:
      nccl:all_to_all: 18


=== EXPERT_TENSOR_AND_MODEL_PARALLEL_GROUP Collectives ===

  Process Group                        PG Desc              Op Type            Size      Dtype         Total NRanks                         Identified Ranks                            Missing Ranks
-----------------------------------------------------------------------------------------------------------------------------------------------------------------------------------------------------
             93 EXPERT_TENSOR_AND_MODEL_PARALLEL_GROUP nccl:_all_gather_base              16       Long          3                                   8,9,11                                       10
  Operation type distribution:
    Send/Receive pairs (src->dst):
    Other operations:
      nccl:_all_gather_base: 3

             94 EXPERT_TENSOR_AND_MODEL_PARALLEL_GROUP nccl:_all_gather_base              16       Long          3                                 12,13,14                                       15
  Operation type distribution:
    Send/Receive pairs (src->dst):
    Other operations:
      nccl:_all_gather_base: 3


=== PIPELINE_MODEL_PARALLEL_GROUP Collectives ===

  Process Group                        PG Desc              Op Type            Size      Dtype         Total NRanks                         Identified Ranks                            Missing Ranks
-----------------------------------------------------------------------------------------------------------------------------------------------------------------------------------------------------

=== TENSOR_AND_CONTEXT_PARALLEL_GROUP Collectives ===

  Process Group                        PG Desc              Op Type            Size      Dtype         Total NRanks                         Identified Ranks                            Missing Ranks
-----------------------------------------------------------------------------------------------------------------------------------------------------------------------------------------------------

=== TENSOR_AND_DATA_PARALLEL_GROUP_WITH_CP Collectives ===

  Process Group                        PG Desc              Op Type            Size      Dtype         Total NRanks                         Identified Ranks                            Missing Ranks
-----------------------------------------------------------------------------------------------------------------------------------------------------------------------------------------------------
             57 TENSOR_AND_DATA_PARALLEL_GROUP_WITH_CP      nccl:all_reduce             180      Float          3                                   8,9,11                                       10
  Operation type distribution:
    Send/Receive pairs (src->dst):
    Other operations:
      nccl:all_reduce: 6

             58 TENSOR_AND_DATA_PARALLEL_GROUP_WITH_CP      nccl:all_reduce             180      Float          3                                 12,13,14                                       15
  Operation type distribution:
    Send/Receive pairs (src->dst):
    Other operations:
      nccl:all_reduce: 6


=== TENSOR_MODEL_PARALLEL_GROUP Collectives ===

  Process Group                        PG Desc              Op Type            Size      Dtype         Total NRanks                         Identified Ranks                            Missing Ranks
-----------------------------------------------------------------------------------------------------------------------------------------------------------------------------------------------------
             40    TENSOR_MODEL_PARALLEL_GROUP nccl:_all_gather_base     8192x1x5120   BFloat16          1                                       11                                       10
  Operation type distribution:
    Send/Receive pairs (src->dst):
    Other operations:
      nccl:_all_gather_base: 5
      nccl:_reduce_scatter_base: 4

             42    TENSOR_MODEL_PARALLEL_GROUP nccl:_all_gather_base     8192x1x5120   BFloat16          1                                       14                                       15
  Operation type distribution:
    Send/Receive pairs (src->dst):
    Other operations:
      nccl:_all_gather_base: 5
      nccl:_reduce_scatter_base: 4
      nccl:broadcast: 2

